actions HOME
push 13 6
follow 1
do 115
actions HOME
do 17
actions HOME
do 18
actions HOME
do 18
actions HOME
actions HOME
blitzfrom 12 11
push 13 9
follow 1
do 122
actions HOME
do 35
actions HOME
do 37
actions HOME
do 37
actions HOME
do 35
actions HOME
do 35
actions HOME
do 23
actions HOME
do 24
actions HOME
do 26
actions HOME
do 25
actions HOME
do 23
actions HOME
do 16
actions HOME
do 18
actions HOME
do 18
actions HOME
do 16
actions HOME
do 16
actions HOME
do 17
actions HOME
do 34
actions HOME
do 18
actions HOME
do 18
actions HOME
do 27
actions HOME
do 21
actions HOME
do 20
actions HOME
actions HOME
do 23
actions HOME
do 17
actions HOME
do 18
actions HOME
do 15
actions HOME
do 0
actions AWAY
actions AWAY
blitzfrom 14 11
follow 0
do 203
actions AWAY
do 3
actions AWAY
do 3
actions AWAY
do 5
actions AWAY
do 28
actions AWAY
do 17
actions AWAY
do 26
actions AWAY
do 18
actions AWAY
do 31
actions AWAY
do 26
actions AWAY
do 36
actions AWAY
do 26
actions AWAY
do 13
actions AWAY
do 11
actions AWAY
do 12
actions AWAY
do 6
actions AWAY
do 3
actions AWAY
do 5
actions AWAY
do 5
actions AWAY
do 5
actions AWAY
do 5
actions AWAY
do 20
actions AWAY
do 16
actions AWAY
do 15
actions AWAY
do 15
actions AWAY
do 15
actions AWAY
do 13
actions AWAY
do 13
actions AWAY
do 0
actions HOME
actions HOME
do 17
actions HOME
do 19
actions HOME
do 38
actions HOME
do 29
actions HOME
do 29
actions HOME
do 33
actions HOME
do 28
actions HOME
do 27
actions HOME
do 50
actions HOME
do 28
actions HOME
do 30
actions HOME
do 31
actions HOME
do 29
actions HOME
do 29
actions HOME
do 49
actions HOME
do 41
actions HOME
do 39
actions HOME
do 39
actions HOME
do 39
actions HOME
do 45
actions HOME
do 39
actions HOME
do 41
actions HOME
do 79
actions HOME
do 60
actions HOME
do 61
actions HOME
do 63
actions HOME
actions HOME
do 56
actions HOME
do 56
actions HOME
do 55
actions HOME
do 50
actions HOME
do 18
actions HOME
do 17
actions HOME
do 31
actions HOME
do 19
actions HOME
do 22
actions HOME
do 19
actions HOME
blitzfrom 13 11
push 15 10
follow 1
do 32
actions HOME
do 0
actions AWAY
actions AWAY
do 64
actions AWAY
do 64
actions AWAY
do 6
actions AWAY
do 7
actions AWAY
do 7
actions AWAY
do 108
actions AWAY
do 89
actions AWAY
do 4
actions AWAY
do 4
actions AWAY
do 86
actions AWAY
do 69
actions AWAY
do 123
actions AWAY
blitzfrom 17 9
push 15 8
follow 0
do 98
actions AWAY
push 11 6
follow 0
do 19
actions AWAY
do 14
actions AWAY
do 0
actions HOME
do 100
actions HOME
do 98
actions HOME
do 97
actions HOME
do 98
actions HOME
do 99
actions HOME
do 84
actions HOME
do 85
actions HOME
do 81
actions HOME
do 84
actions HOME
actions HOME
do 115
actions HOME
do 104
actions HOME
do 101
actions HOME
do 101
actions HOME
do 99
actions HOME
do 111
actions HOME
do 99
actions HOME
do 99
actions HOME
blitzfrom 16 7
push 18 6
follow 0
do 88
actions HOME
do 8
actions HOME
do 2
actions HOME
do 8
actions HOME
do 4
actions HOME
do 22
actions HOME
do 3
actions HOME
do 10
actions HOME
do 6
actions HOME
do 7
actions HOME
do 4
actions HOME
do 0
actions AWAY
do 119
actions AWAY
do 25
actions AWAY
do 25
actions AWAY
do 25
actions AWAY
do 25
actions AWAY
do 146
actions AWAY
do 133
actions AWAY
do 37
actions AWAY
do 3
actions AWAY
do 7
actions AWAY
blitzfrom 19 11
push 19 13
follow 0
do 108
actions AWAY
do 15
actions AWAY
do 17
actions AWAY
do 19
actions AWAY
do 14
actions AWAY
do 0
actions HOME
do 5
actions HOME
do 148
actions HOME
do 139
actions HOME
do 136
actions HOME
do 136
actions HOME
do 109
actions HOME
do 109
actions HOME
do 110
actions HOME
do 77
actions HOME
do 77
actions HOME
blitzfrom 17 7
push 18 9
follow 1
do 11
actions HOME
do 44
actions HOME
do 33
actions HOME
do 11
actions HOME
do 12
actions HOME
do 30
actions HOME
do 13
actions HOME
do 18
actions HOME
do 13
actions HOME
do 0
actions AWAY
do 107
actions AWAY
do 111
actions AWAY
do 113
actions AWAY
do 93
actions AWAY
do 93
actions AWAY
do 93
actions AWAY
do 93
actions AWAY
do 102
actions AWAY
do 89
actions AWAY
do 94
actions AWAY
do 23
actions AWAY
do 27
actions AWAY
do 125
actions AWAY
do 109
actions AWAY
do 111
actions AWAY
blitzfrom 20 12
push 22 14
follow 1
do 108
actions AWAY
push 14 7
follow 0
do 32
actions AWAY
do 0
actions HOME
do 3
actions HOME
push 18 4
follow 1
do 89
actions HOME
do 115
actions HOME
do 115
actions HOME
push 19 10
follow 1
do 6
actions HOME
do 53
actions HOME
do 56
actions HOME
blitzfrom 20 5
push 21 7
follow 1
do 71
actions HOME
do 11
actions HOME
do 12
actions HOME
do 30
actions HOME
do 11
actions HOME
do 14
actions HOME
do 5
actions HOME
do 5
actions HOME
do 5
actions HOME
do 5
actions HOME
push 20 12
follow 0
do 10
actions HOME
push 18 11
follow 1
do 8
actions HOME
do 0
actions AWAY
actions AWAY
do 22
actions AWAY
do 110
actions AWAY
do 95
actions AWAY
do 93
actions AWAY
do 95
actions AWAY
do 94
actions AWAY
push 12 5
follow 1
do 38
actions HOME
do 7
actions HOME
do 4
actions HOME
do 4
actions HOME
do 5
actions HOME
do 116
actions HOME
do 113
actions HOME
do 111
actions HOME
do 110
actions HOME
do 98
actions HOME
do 98
actions HOME
do 102
actions HOME
push 21 7
follow 1
do 81
actions HOME
do 8
actions HOME
do 10
actions HOME
do 11
actions HOME
do 11
actions HOME
push 20 9
follow 1
do 62
actions HOME
do 42
actions HOME
do 42
actions HOME
do 42
actions HOME
do 42
actions HOME
do 40
actions HOME
do 10
actions HOME
do 11
actions HOME
do 11
actions HOME
blitzfrom 23 6
push 25 8
follow 0
do 35
actions HOME
do 0
actions AWAY
do 108
actions AWAY
do 3
actions AWAY
do 91
actions AWAY
do 79
actions AWAY
do 80
actions AWAY
do 23
actions AWAY
do 37
actions AWAY
do 62
actions AWAY
do 0
actions HOME
actions HOME
do 3
actions HOME
do 3
actions HOME
push 24 6
follow 1
do 79
actions HOME
do 26
actions HOME
do 28
actions HOME
blitzfrom 24 7
push 23 9
follow 0
do 88
actions HOME
actions HOME
do 31
actions HOME
actions HOME
do 56
actions HOME
do 45
actions HOME
do 36
actions HOME
do 37
actions HOME
do 37
actions HOME
do 38
actions HOME
do 37
actions HOME
push 18 9
follow 1
do 22
actions HOME
push 23 14
follow 1
do 28
actions HOME
do 0
actions AWAY
do 166
actions AWAY
do 166
actions AWAY
do 162
actions AWAY
do 0
actions HOME
do 47
vykop HOME
actions AWAY
do 1
actions AWAY
do 57
actions AWAY
push 11 6
follow 0
do 135
actions AWAY
blitzfrom 13 10
follow 0
do 147
actions AWAY
follow 1
do 17
actions AWAY
do 0
polocas HOME
actions AWAY
do 4
actions AWAY
push 11 8
follow 0
do 150
actions AWAY
follow 1
do 53
actions AWAY
actions AWAY
do 67
actions AWAY
do 67
actions AWAY
do 67
actions AWAY
do 67
actions AWAY
do 0
actions HOME
do 106
actions HOME
do 107
actions HOME
do 106
actions HOME
do 106
actions HOME
do 104
actions HOME
do 149
actions HOME
do 134
actions HOME
do 132
actions HOME
do 102
actions HOME
do 103
actions HOME
do 106
actions HOME
do 106
actions HOME
do 107
actions HOME
do 13
actions HOME
do 91
actions HOME
actions HOME
blitzfrom 12 7
push 14 9
follow 0
do 106
actions HOME
do 13
actions HOME
do 0
actions AWAY
do 3
actions AWAY
actions AWAY
do 20
actions AWAY
do 2
actions AWAY
do 1
actions AWAY
do 195
actions AWAY
do 3
actions AWAY
do 5
actions AWAY
do 5
actions AWAY
do 5
actions AWAY
do 5
actions AWAY
do 5
actions AWAY
do 5
actions AWAY
blitzfrom 16 10
push 16 12
follow 0
do 167
actions AWAY
push 10 4
follow 1
do 15
actions AWAY
do 0
actions HOME
push 14 8
follow 0
do 135
actions HOME
push 14 6
follow 1
do 84
actions HOME
do 37
actions HOME
do 50
actions HOME
push 14 7
follow 1
do 15
actions HOME
push 14 9
follow 1
do 15
actions HOME
actions HOME
blitzfrom 20 9
push 21 7
follow 1
do 28
actions HOME
do 8
actions HOME
do 9
actions HOME
do 9
actions HOME
do 12
actions HOME
do 12
actions HOME
do 14
actions HOME
do 25
actions HOME
do 21
actions HOME
do 17
actions HOME
do 3
actions HOME
push 14 4
follow 1
do 14
actions HOME
do 0
actions AWAY
do 163
actions AWAY
do 164
actions AWAY
actions AWAY
blitzfrom 21 9
push 20 7
follow 0
do 128
actions AWAY
do 24
actions AWAY
do 25
actions AWAY
do 24
actions AWAY
do 0
actions HOME
do 5
actions HOME
do 5
actions HOME
do 25
actions HOME
do 14
actions HOME
push 15 7
follow 0
do 6
actions HOME
do 80
actions HOME
do 82
actions HOME
actions HOME
push 16 4
follow 0
do 68
actions HOME
do 28
actions HOME
do 29
actions HOME
do 32
actions HOME
do 32
actions HOME
do 32
actions HOME
do 31
actions HOME
actions HOME
push 17 9
follow 1
do 71
actions HOME
do 34
actions HOME
do 35
actions HOME
do 36
actions HOME
push 15 6
follow 1
do 22
actions HOME
push 21 6
follow 1
do 23
actions HOME
do 0
actions AWAY
do 167
actions AWAY
do 167
actions AWAY
do 152
actions AWAY
do 138
actions AWAY
do 123
actions AWAY
do 21
actions AWAY
do 20
actions AWAY
do 34
actions AWAY
do 19
actions AWAY
do 19
actions AWAY
do 22
actions AWAY
do 22
actions AWAY
do 0
actions HOME
push 22 5
follow 1
do 106
actions HOME
do 141
actions HOME
actions HOME
blitzfrom 19 2
push 19 0
follow 1
do 77
actions HOME
do 23
actions HOME
do 23
actions HOME
do 23
actions HOME
do 23
actions HOME
do 21
actions HOME
do 22
actions HOME
do 31
actions HOME
do 23
actions HOME
do 18
actions HOME
do 20
actions HOME
push 15 8
follow 0
do 54
actions HOME
do 5
actions HOME
do 5
actions HOME
push 16 6
follow 1
do 21
actions HOME
do 0
actions AWAY
do 110
actions AWAY
do 110
actions AWAY
do 110
actions AWAY
do 145
actions AWAY
do 110
actions AWAY
do 111
actions AWAY
do 110
actions AWAY
do 92
actions AWAY
do 93
actions AWAY
do 90
actions AWAY
do 90
actions AWAY
do 93
actions AWAY
do 45
actions AWAY
do 46
actions AWAY
do 45
actions AWAY
do 26
actions AWAY
do 24
actions AWAY
do 24
actions AWAY
do 24
actions AWAY
do 24
actions AWAY
do 0
actions HOME
do 7
actions HOME
do 7
actions HOME
do 7
actions HOME
do 7
actions HOME
do 48
actions HOME
do 39
actions HOME
do 41
actions HOME
do 39
actions HOME
do 41
actions HOME
do 39
actions HOME
do 113
actions HOME
do 94
actions HOME
do 91
actions HOME
do 93
actions HOME
do 56
actions HOME
do 51
actions HOME
do 53
actions HOME
do 14
actions HOME
do 15
actions HOME
do 13
actions HOME
do 22
actions HOME
do 14
actions HOME
do 13
actions HOME
do 14
actions HOME
do 13
actions HOME
do 14
actions HOME
blitzfrom 21 2
push 23 4
follow 1
do 28
actions HOME
push 15 5
follow 1
do 32
actions HOME
do 15
actions HOME
do 16
actions HOME
push 14 8
follow 1
do 8
actions HOME
do 0
actions AWAY
do 33
actions AWAY
blitzfrom 23 9
push 21 7
follow 0
do 122
actions AWAY
do 0
actions HOME
do 82
actions HOME
do 82
actions HOME
do 84
actions HOME
do 115
actions HOME
do 104
actions HOME
do 106
actions HOME
do 107
actions HOME
do 95
actions HOME
do 95
actions HOME
do 95
actions HOME
do 98
actions HOME
do 94
actions HOME
do 16
actions HOME
do 18
actions HOME
blitzfrom 23 6
follow 1
do 74
actions HOME
do 62
actions HOME
do 51
actions HOME
do 49
actions HOME
do 16
actions HOME
do 18
actions HOME
do 19
actions HOME
do 24
actions HOME
do 19
actions HOME
do 20
actions HOME
do 3
actions HOME
do 4
actions HOME
do 2
actions HOME
do 8
actions HOME
do 3
actions HOME
do 9
actions HOME
do 4
actions HOME
do 6
actions HOME
do 0
actions AWAY
do 133
actions AWAY
do 132
actions AWAY
do 117
actions AWAY
do 0
actions HOME
do 3
actions HOME
do 5
actions HOME
actions HOME
push 24 3
follow 0
do 39
actions HOME
do 67
actions HOME
do 64
actions HOME
do 64
actions HOME
do 28
actions HOME
do 31
actions HOME
do 33
actions HOME
do 18
actions HOME
do 18
actions HOME
do 18
actions HOME
do 49
actions HOME
do 37
actions HOME
do 36
actions HOME
do 35
actions HOME
do 37
actions HOME
do 36
actions HOME
push 24 10
follow 1
do 28
actions HOME
actions HOME
follow 1
do 18
actions AWAY
blitzfrom 23 7
push 22 6
follow 0
do 87
actions AWAY
do 61
actions AWAY
do 33
actions AWAY
do 36
actions AWAY
do 34
actions AWAY
do 34
actions AWAY
do 34
actions AWAY
do 34
actions AWAY
do 0
actions HOME
actions HOME
blitzfrom 16 13
follow 0
do 82
actions HOME
do 25
actions HOME
do 29
actions HOME
actions HOME
do 28
