vf=loaded policy=loaded (fairtest config: iters=100, vfBlend=0.15, policyBlend=0 w/ policy loaded => prior floors ACTIVE)

=== matchup 1: dwarf (home race) vs wood-elf ===
  [25/400 pairs] cand W13 D26 L11 | paired delta(dwarf) so far +0.0400
  [50/400 pairs] cand W30 D41 L29 | paired delta(dwarf) so far +0.0100
  [75/400 pairs] cand W51 D55 L44 | paired delta(dwarf) so far +0.0467
  [100/400 pairs] cand W68 D73 L59 | paired delta(dwarf) so far +0.0450
  [125/400 pairs] cand W83 D91 L76 | paired delta(dwarf) so far +0.0280
  [150/400 pairs] cand W101 D106 L93 | paired delta(dwarf) so far +0.0267
  [175/400 pairs] cand W115 D126 L109 | paired delta(dwarf) so far +0.0171
  [200/400 pairs] cand W127 D143 L130 | paired delta(dwarf) so far -0.0075
  [225/400 pairs] cand W143 D161 L146 | paired delta(dwarf) so far -0.0067
  [250/400 pairs] cand W161 D183 L156 | paired delta(dwarf) so far +0.0100
  [275/400 pairs] cand W176 D204 L170 | paired delta(dwarf) so far +0.0109
  [300/400 pairs] cand W192 D225 L183 | paired delta(dwarf) so far +0.0150
  [325/400 pairs] cand W210 D238 L202 | paired delta(dwarf) so far +0.0123
  [350/400 pairs] cand W222 D259 L219 | paired delta(dwarf) so far +0.0043
  [375/400 pairs] cand W240 D273 L237 | paired delta(dwarf) so far +0.0040
  [400/400 pairs] cand W261 D290 L249 | paired delta(dwarf) so far +0.0150
SUMMARY matchup 1 (dwarf vs wood-elf), 400 pairs (800 games):
  cand overall: W261 D290 L249 decisiveWR=0.512 chess=0.5075 | cage plans adopted 0.00/game
  PAIRED delta chess as dwarf: +0.0150 +- 0.0228 SE (~0.7 SE) [pre-reg: >= +0.03 on dwarf matchups; control within 2 SE]

=== ATTRITION / SURVIVAL (end-of-game states per race, split by whether the OPPONENT ran cageAdvance) ===
race       opp gate        games     KO/g    INJ/g   DEAD/g     EJ/g    surv/11
dwarf      off               400     0.18     0.22     0.00     0.07      10.78
dwarf      cageAdvance ON    400     0.17     0.23     0.00     0.10      10.77
wood-elf   off               400     0.53     0.35     0.00     0.20      10.65
wood-elf   cageAdvance ON    400     0.49     0.33     0.00     0.17      10.67

DONE
