=== Δ dmin (VŠICHNI stojící soupeři): záporné = zavřeno ===
race            náš(≤3)     jejich(≤3)        náš(≥4)     jejich(≥4)
human        1.04(2081)    -0.70(2081)    -1.81(1041)    -1.54(1041)
orc          1.09(1626)    -0.76(1626)    -1.46(1336)    -1.32(1336)
skaven       1.20(2224)    -0.65(2224)    -1.97(1192)    -1.63(1192)
wood-elf     1.09(2346)    -0.68(2346)    -1.79(1137)    -1.70(1137)

=== Δ dmin (jen ST4+): záporné = zavřeno ===
race            náš(≤3)     jejich(≤3)        náš(≥4)     jejich(≥4)
human        0.58( 602)    -0.32( 602)    -1.46(1534)    -0.59(1534)
orc          1.31(1121)    -0.49(1121)    -1.38(1700)    -0.93(1700)
skaven               —             —             —             —
wood-elf     0.68( 624)    -0.22( 624)    -1.38(2267)    -0.23(2267)

=== Z d>=4 jsme PO SVÉM tahu <=3 (sami do kontaktu) ===
human    vše     298 z 1041 (28.6%)
human    ST4+    216 z 1534 (14.1%)
orc      vše     287 z 1336 (21.5%)
orc      ST4+    306 z 1700 (18.0%)
skaven   vše     355 z 1192 (29.8%)
wood-elf vše     304 z 1137 (26.7%)
wood-elf ST4+    316 z 2267 (13.9%)
