=== PRIOR vs VISIT masa podle typu makra (policy OFF behy) ===

--- dwarf (run A), n=1258 rozhodnuti, top1 shoda policy vs search: 48.5 % ---
  typ          search visit% policy prior%  delta pp
  REPOS                 46.4          45.8      -0.7
  END_TURN              10.6           8.4      -2.2
  BLITZ                  9.3           9.5      +0.1
  BLOCK                  8.7          10.0      +1.3
  FOUL                   7.9           7.4      -0.5
  CAGE                   7.5           8.3      +0.8
  PICKUP                 4.3           4.6      +0.3
  ADVANCE                2.8           3.0      +0.2
  PASS                   2.2           2.7      +0.5
  SCORE                  0.1           0.3      +0.2
  BLITZ&SCORE            0.0           0.1      +0.1
  search chosen types: {'REPOS': 530, 'BLITZ': 173, 'BLOCK': 145, 'END_TURN': 131, 'CAGE': 86, 'FOUL': 68, 'PICKUP': 62, 'ADVANCE': 56, 'PASS': 5, 'SCORE': 2}
  policy top1  types: {'REPOS': 361, 'BLITZ': 305, 'BLOCK': 257, 'ADVANCE': 149, 'PICKUP': 110, 'CAGE': 59, 'SCORE': 10, 'FOUL': 4, 'BLITZ&SCORE': 3}

--- skaven (run A), n=1121 rozhodnuti, top1 shoda policy vs search: 51.6 % ---
  typ          search visit% policy prior%  delta pp
  REPOS                 49.9          50.5      +0.7
  END_TURN              12.6          10.1      -2.5
  BLITZ                 10.8          12.1      +1.3
  FOUL                   7.1           6.0      -1.2
  BLOCK                  6.4           7.2      +0.8
  PICKUP                 4.3           4.1      -0.3
  CAGE                   4.1           4.6      +0.5
  PASS                   2.2           2.3      +0.1
  ADVANCE                1.8           2.3      +0.6
  SCORE                  0.5           0.5      +0.1
  BLITZ&SCORE            0.2           0.2      -0.0
  search chosen types: {'REPOS': 512, 'BLITZ': 192, 'END_TURN': 118, 'BLOCK': 81, 'FOUL': 67, 'PICKUP': 56, 'CAGE': 47, 'ADVANCE': 27, 'PASS': 10, 'SCORE': 7, 'BLITZ&SCORE': 4}
  policy top1  types: {'REPOS': 403, 'BLITZ': 299, 'BLOCK': 159, 'ADVANCE': 122, 'PICKUP': 85, 'CAGE': 26, 'SCORE': 16, 'BLITZ&SCORE': 4, 'FOUL': 4, 'END_TURN': 2, 'PASS': 1}

--- wood-elf (run C), n=750 rozhodnuti, top1 shoda policy vs search: 49.6 % ---
  typ          search visit% policy prior%  delta pp
  REPOS                 45.8          46.9      +1.1
  END_TURN              10.5           8.9      -1.6
  BLOCK                  9.7          10.3      +0.6
  BLITZ                  8.0           7.6      -0.4
  FOUL                   7.6           6.9      -0.7
  CAGE                   7.4           8.3      +0.9
  PICKUP                 4.1           3.3      -0.7
  PASS                   2.9           2.6      -0.3
  ADVANCE                2.8           3.4      +0.5
  SCORE                  1.0           1.4      +0.4
  BLITZ&SCORE            0.2           0.4      +0.3
  search chosen types: {'REPOS': 320, 'BLOCK': 98, 'BLITZ': 95, 'END_TURN': 56, 'FOUL': 48, 'CAGE': 47, 'PICKUP': 36, 'ADVANCE': 27, 'PASS': 14, 'SCORE': 8, 'BLITZ&SCORE': 1}
  policy top1  types: {'REPOS': 216, 'BLOCK': 180, 'BLITZ': 123, 'ADVANCE': 112, 'CAGE': 45, 'PICKUP': 44, 'SCORE': 22, 'BLITZ&SCORE': 7, 'FOUL': 1}

--- skaven (run C), n=563 rozhodnuti, top1 shoda policy vs search: 50.8 % ---
  typ          search visit% policy prior%  delta pp
  REPOS                 45.3          44.0      -1.3
  BLITZ                 11.7          12.5      +0.8
  END_TURN              10.4           8.7      -1.7
  BLOCK                  9.1          12.5      +3.3
  FOUL                   6.3           5.7      -0.6
  CAGE                   6.0           6.1      +0.0
  PICKUP                 5.2           4.4      -0.9
  PASS                   2.4           2.6      +0.3
  ADVANCE                2.3           2.6      +0.3
  SCORE                  0.8           0.6      -0.2
  BLITZ&SCORE            0.2           0.3      +0.1
  search chosen types: {'REPOS': 251, 'BLITZ': 95, 'BLOCK': 50, 'CAGE': 41, 'END_TURN': 37, 'PICKUP': 33, 'FOUL': 26, 'ADVANCE': 19, 'SCORE': 5, 'PASS': 5, 'BLITZ&SCORE': 1}
  policy top1  types: {'REPOS': 170, 'BLOCK': 147, 'BLITZ': 137, 'ADVANCE': 50, 'PICKUP': 40, 'CAGE': 9, 'SCORE': 7, 'FOUL': 2, 'BLITZ&SCORE': 1}

=== POSUN CHOVANI: dwarf chosen macro typy, blend 0.0 (A) vs 0.2 (B) ===
  run A (n=1258): REPOS:42.1%, BLITZ:13.8%, BLOCK:11.5%, END_TURN:10.4%, CAGE:6.8%, FOUL:5.4%, PICKUP:4.9%, ADVANCE:4.5%, PASS:0.4%, SCORE:0.2%
  run B (n=1374): REPOS:40.1%, BLOCK:14.3%, BLITZ:14.0%, CAGE:8.6%, ADVANCE:6.8%, END_TURN:5.5%, FOUL:5.2%, PICKUP:4.7%, SCORE:0.5%, PASS:0.3%
  [kontrola skaven] run A (n=1121): REPOS:45.7%, BLITZ:17.1%, END_TURN:10.5%, BLOCK:7.2%, FOUL:6.0%, PICKUP:5.0%, CAGE:4.2%, ADVANCE:2.4%, PASS:0.9%, SCORE:0.6%, BLITZ&SCORE:0.4%
  [kontrola skaven] run B (n=1125): REPOS:47.6%, BLITZ:17.2%, BLOCK:9.9%, END_TURN:6.0%, CAGE:5.9%, PICKUP:4.3%, ADVANCE:4.0%, FOUL:3.5%, BLITZ&SCORE:0.6%, PASS:0.5%, SCORE:0.4%

=== SKORE her (dwarf home vs skaven away, stejne seedy) ===
  run A: dwarf TD celkem 2, skaven TD celkem 6; vysledky: [(0, 1), (0, 1), (0, 0), (1, 0), (0, 1), (0, 0), (0, 0), (0, 0), (0, 0), (0, 0), (0, 0), (1, 0), (0, 1), (0, 0), (0, 0), (0, 2)]
  run B: dwarf TD celkem 6, skaven TD celkem 4; vysledky: [(0, 1), (1, 0), (0, 0), (0, 0), (0, 0), (0, 0), (0, 1), (1, 0), (0, 0), (1, 0), (1, 0), (1, 0), (0, 1), (0, 0), (0, 1), (1, 0)]

=== KONTRAFAKT: dwarf stavy s elfimi capability featurami ===
  n=400, prumerna TV-vzdalenost typove distribuce priors po prepnuti capability featur dwarf->elf: 0.0335 (0=policy capability featury ignoruje, 1=uplne jine preference)

=== KONKRETNI SITUACE: dwarf rozhodnuti, kde policy top1 != search top1 ===

--- situace 1 (seed 91000009, persp home) ---
  search hraje: END_TURN (visit 67 %) | policy naseptava: ADVANCE (prior 81 %, na search-tahu jen 19 %)
  mic: held=True carrier=Blitzer +Guard+Tackle (home) pos=(11,5)
  stav: turn_prog=0.50 score_diff=+0 iHaveBall=1 oppHasBall=0 loose=0 carrier_distTD=14 myAG=2.3 oppAG=4.0
..........................
..........................
..........................
..........s...............
.......s.DDDd.............
...D.....d.@d.............
..s........Ds...S.........
...............d..........
...........s..s...........
..............d...........
..........................
..........................
..........................
..........................
..........................
  policy top5: ADVANCE:81%, END_TURN:19%
  search top5: END_TURN:67%, ADVANCE:33%

--- situace 2 (seed 91000011, persp home) ---
  search hraje: END_TURN (visit 50 %) | policy naseptava: PICKUP (prior 74 %, na search-tahu jen 26 %)
  mic: held=False carrier=None (-) pos=(15,8)
  stav: turn_prog=0.56 score_diff=+0 iHaveBall=0 oppHasBall=0 loose=1 carrier_distTD=13 myAG=2.4 oppAG=3.3
..........................
..........................
..........................
..........................
...........DD.S...........
...........D.S............
...........D..............
...........DD.....S.......
............DsS*..........
...........D.DDs..........
............DSS...........
.............SSS..........
..........................
..........................
..........................
  policy top5: PICKUP:74%, END_TURN:26%
  search top5: END_TURN:50%, PICKUP:50%

--- situace 3 (seed 91000001, persp home) ---
  search hraje: END_TURN (visit 54 %) | policy naseptava: REPOS (prior 73 %, na search-tahu jen 27 %)
  mic: held=True carrier=Gutter Runner +Sure Feet (away) pos=(9,1)
  stav: turn_prog=0.69 score_diff=+0 iHaveBall=0 oppHasBall=1 loose=0 carrier_distTD=13 myAG=2.3 oppAG=3.4
..........................
....D...S&................
.......dSD.d..............
....D.D....d...d..........
...........dS.s.SS........
.............S............
..........................
............D.............
.............S............
..........................
............D.S...........
..........................
..........................
..........................
..........................
  policy top5: REPOS:73%, END_TURN:27%
  search top5: END_TURN:54%, REPOS:46%

--- situace 4 (seed 91000005, persp home) ---
  search hraje: END_TURN (visit 61 %) | policy naseptava: CAGE (prior 64 %, na search-tahu jen 36 %)
  mic: held=True carrier=Runner +Block (home) pos=(11,11)
  stav: turn_prog=0.88 score_diff=+0 iHaveBall=1 oppHasBall=0 loose=0 carrier_distTD=14 myAG=2.6 oppAG=3.0
..........................
..........................
..........................
..........................
..........................
..........dS.d............
...........D..S..s........
...........d.Sd...........
...........SSSD..s........
.........D....ds..........
...........D.S............
...........@...d..........
..........................
..........................
..........................
  policy top5: CAGE:64%, END_TURN:36%
  search top5: END_TURN:61%, CAGE:39%

--- situace 5 (seed 91000004, persp home) ---
  search hraje: END_TURN (visit 57 %) | policy naseptava: FOUL (prior 59 %, na search-tahu jen 41 %)
  mic: held=True carrier=Runner +Block (home) pos=(12,9)
  stav: turn_prog=0.50 score_diff=+0 iHaveBall=1 oppHasBall=0 loose=0 carrier_distTD=13 myAG=2.4 oppAG=3.0
..........................
..........................
..........................
....S.....................
..........................
................d.........
......s...................
......d.....d.........S...
.....sD....DD.............
....s..DDD.D@.............
........ss.....S..........
..........................
..........................
..........................
..........................
  policy top5: FOUL:59%, END_TURN:41%
  search top5: END_TURN:57%, FOUL:43%

--- situace 6 (seed 91000011, persp home) ---
  search hraje: BLITZ (visit 73 %) | policy naseptava: PICKUP (prior 57 %, na search-tahu jen 4 %)
  mic: held=False carrier=None (-) pos=(25,6)
  stav: turn_prog=0.81 score_diff=+0 iHaveBall=0 oppHasBall=0 loose=1 carrier_distTD=13 myAG=2.2 oppAG=3.2
..........................
..........................
..........................
.............d............
..........................
..........................
...............DDs.......*
...........DD......Dd...d.
.............s............
............DDSs...s......
.............DS...........
..............SS..........
..........................
..........................
..........................
  policy top5: PICKUP:57%, BLITZ:4%, REPOS:4%, REPOS:4%, REPOS:4%
  search top5: BLITZ:73%, REPOS:8%, REPOS:4%, FOUL:2%, REPOS:2%

--- situace 7 (seed 91000001, persp home) ---
  search hraje: REPOS (visit 23 %) | policy naseptava: PICKUP (prior 57 %, na search-tahu jen 4 %)
  mic: held=False carrier=None (-) pos=(1,7)
  stav: turn_prog=1.00 score_diff=-1 iHaveBall=0 oppHasBall=0 loose=1 carrier_distTD=13 myAG=2.4 oppAG=3.4
..........................
..........................
..........................
..........................
...........D.SSS..........
.........D..D.....S.......
...........DD.s...........
.*.....D....DDSS..........
...........D..............
.........D........S.......
...........D.SSS..........
..........................
..........................
..........................
..........................
  policy top5: PICKUP:57%, BLITZ:4%, REPOS:4%, REPOS:4%, REPOS:4%
  search top5: REPOS:23%, REPOS:16%, REPOS:14%, REPOS:12%, REPOS:8%

--- situace 8 (seed 91000009, persp home) ---
  search hraje: REPOS (visit 35 %) | policy naseptava: ADVANCE (prior 51 %, na search-tahu jen 20 %)
  mic: held=True carrier=Blitzer +Guard+Tackle (home) pos=(11,5)
  stav: turn_prog=0.50 score_diff=+0 iHaveBall=1 oppHasBall=0 loose=0 carrier_distTD=14 myAG=2.3 oppAG=4.0
..........................
..........................
..........................
..........s...............
.......s..DDd.............
...DD....d.@d.............
..s........Ds...S.........
...............d..........
...........s..s...........
..............d...........
..........................
..........................
..........................
..........................
..........................
  policy top5: ADVANCE:51%, REPOS:20%, CAGE:17%, END_TURN:12%
  search top5: REPOS:35%, CAGE:23%, END_TURN:22%, ADVANCE:20%
